// Both struct should be injected

pub struct HelloWorld {
  //fields
}

pub struct HelloWorld2 {
  //fields
}
