
// hello should be replaced with world

pub struct World {
  pub name: String,
}