this is a mod file
and this is another line

pub class Foobar {
field: integer1
  blah
}