this is a mod file
and this is another line

// doc comment
pub class Foobar {
  blah
}