this was prepended1
this is a mod file
and this is another line
