this was prepended2
this is a mod file
and this is another line
